npm error code ENOENT
npm error syscall open
npm error path D:\Agent_0714_new\package.json
npm error errno -4058
npm error enoent Could not read package.json: Error: ENOENT: no such file or directory, open 'D:\Agent_0714_new\package.json'
npm error enoent This is related to npm not being able to find a file.
npm error enoent
npm error A complete log of this run can be found in: C:\Users\AIFA USER 204\AppData\Local\npm-cache\_logs\2026-04-13T10_04_42_098Z-debug-0.log
